../Core/Src/main.c:79:10:bytesToDLC	16	static
../Core/Src/main.c:108:5:__io_putchar	16	static
../Core/Src/main.c:151:5:main	8	static
../Core/Src/main.c:256:6:SystemClock_Config	120	static
../Core/Src/main.c:319:13:MX_FDCAN2_Init	8	static
../Core/Src/main.c:372:13:MX_USART2_UART_Init	8	static
../Core/Src/main.c:420:13:MX_USART3_UART_Init	8	static
../Core/Src/main.c:468:13:MX_GPIO_Init	24	static
../Core/Src/main.c:486:6:processPacket	32	static
../Core/Src/main.c:533:6:CANopen_SDO_Send_Float	64	static
../Core/Src/main.c:555:6:CANopen_SDO_Send_CHUNK	72	static
../Core/Src/main.c:588:6:CANopen_SDO_Send_Array	64	static
../Core/Src/main.c:612:6:handle_CAN_request	32	static
../Core/Src/main.c:717:6:HAL_UART_RxCpltCallback	24	static
../Core/Src/main.c:736:6:HAL_FDCAN_RxFifo0Callback	72	static
../Core/Src/main.c:761:6:MPU_Config	24	static
../Core/Src/main.c:792:6:Error_Handler	4	static,ignoring_inline_asm
